0 as_all cpp_serial default 49.91 ns
0 as_all cpp_par default 29.83 ns
0 as_all cpp_predict_serial default 42.38 ns
0 as_all cpp_predict_par default 24.64 ns
0 as_all cpp_fit_serial default 54.97 ns
0 as_all cpp_fit_par default 33.51 ns
0 as_all rs_serial default 21.98 ns
0 as_all rs_serial_noalpha default 21.51 ns
0 as_all rs_t4 default 8.67 ns
0 as_all rs_t4_noalpha default 6.77 ns
0 as_all rs_predict_serial default 10.27 ns
0 as_all rs_predict_t4 default 8.25 ns
0 as_all rs_fearless_L4_serial_noalpha default 6.39 ns
0 as_all rs_fearless_L8_t4_noalpha default 4.10 ns
0 as_all rs_fit_serial default 22.81 ns
0 as_all rs_fit_par default 8.38 ns
0 as_all lean_serial_noalpha_copy lean 21.92 ns
0 as_all lean_serial_noalpha_borrow lean 21.41 ns
0 as_all lean_serial_noalpha_codes lean 21.51 ns
0 as_all lean_serial_noalpha_ds lean 21.10 ns
0 as_all lean_t4_noalpha_copy lean 7.15 ns
0 as_all lean_t4_noalpha_codes lean 9.12 ns
0 as_all lean_t4_noalpha_ds lean 7.35 ns
0 as_all lean_serial_alpha_bytearray lean 24.52 ns
0 as_all lean_serial_alpha_bytes lean 35.73 ns
0 as_all lean_serial_alpha_numpy lean 22.65 ns
0 as_all lean_serial_alpha_numpy_borrow lean 22.34 ns
0 as_all lean_t4_alpha_bytearray lean 7.92 ns
0 as_all lean_t4_alpha_bytes lean 18.25 ns
0 as_all lean_t4_alpha_numpy lean 9.19 ns
0 as_all lean_predict_serial_bytearray lean 11.04 ns
0 as_all lean_predict_serial_bytes lean 22.72 ns
0 as_all lean_predict_serial_numpy lean 10.52 ns
0 as_all lean_predict_t4_bytearray lean 7.82 ns
0 as_all lean_predict_t4_bytes lean 18.24 ns
0 as_all lean_predict_t4_numpy lean 5.89 ns
0 as_all lean_plain_L4_serial_ds lean 12.34 ns
0 as_all lean_plain_L8_serial_ds lean 15.53 ns
0 as_all lean_plain_L4_t4_ds lean 5.71 ns
0 as_all lean_plain_L8_t4_ds lean 6.23 ns
0 as_all lean_fit_serial lean 22.41 ns
0 as_all lean_fit_t4 lean 7.04 ns
0 as_all lean_fit_t4_L4_plain lean 7.11 ns
0 as_all lean_fearless_L4_serial_ds lean_simd 8.44 ns
0 as_all lean_fearless_L8_serial_ds lean_simd 6.08 ns
0 as_all lean_fearless_L4_t4_ds lean_simd 4.95 ns
0 as_all lean_fearless_L8_t4_ds lean_simd 6.26 ns
0 as_all lean_fit_serial_L8_fearless lean_simd 6.80 ns
0 as_all lean_fit_t4_L8_fearless lean_simd 3.90 ns
0 synth5m cpp_serial default 55.54 ns
0 synth5m cpp_par default 14.06 ns
0 synth5m cpp_predict_serial default 47.25 ns
0 synth5m cpp_predict_par default 14.71 ns
0 synth5m cpp_fit_serial default 58.22 ns
0 synth5m cpp_fit_par default 16.94 ns
0 synth5m rs_serial default 21.73 ns
0 synth5m rs_serial_noalpha default 21.62 ns
0 synth5m rs_t4 default 6.11 ns
0 synth5m rs_t4_noalpha default 5.30 ns
0 synth5m rs_predict_serial default 9.59 ns
0 synth5m rs_predict_t4 default 3.26 ns
0 synth5m rs_fearless_L4_serial_noalpha default 6.25 ns
0 synth5m rs_fearless_L8_t4_noalpha default 1.48 ns
0 synth5m rs_fit_serial default 23.14 ns
0 synth5m rs_fit_par default 7.25 ns
0 synth5m lean_serial_noalpha_copy lean 20.65 ns
0 synth5m lean_serial_noalpha_borrow lean 20.51 ns
0 synth5m lean_serial_noalpha_codes lean 20.08 ns
0 synth5m lean_serial_noalpha_ds lean 19.71 ns
0 synth5m lean_t4_noalpha_copy lean 5.63 ns
0 synth5m lean_t4_noalpha_codes lean 5.99 ns
0 synth5m lean_t4_noalpha_ds lean 5.17 ns
0 synth5m lean_serial_alpha_bytearray lean 29.76 ns
0 synth5m lean_serial_alpha_bytes lean 38.30 ns
0 synth5m lean_serial_alpha_numpy lean 23.31 ns
0 synth5m lean_serial_alpha_numpy_borrow lean 23.24 ns
0 synth5m lean_t4_alpha_bytearray lean 14.79 ns
0 synth5m lean_t4_alpha_bytes lean 19.06 ns
0 synth5m lean_t4_alpha_numpy lean 8.04 ns
0 synth5m lean_predict_serial_bytearray lean 17.63 ns
0 synth5m lean_predict_serial_bytes lean 27.19 ns
0 synth5m lean_predict_serial_numpy lean 12.13 ns
0 synth5m lean_predict_t4_bytearray lean 11.30 ns
0 synth5m lean_predict_t4_bytes lean 15.89 ns
0 synth5m lean_predict_t4_numpy lean 5.45 ns
0 synth5m lean_plain_L4_serial_ds lean 11.89 ns
0 synth5m lean_plain_L8_serial_ds lean 12.52 ns
0 synth5m lean_plain_L4_t4_ds lean 3.40 ns
0 synth5m lean_plain_L8_t4_ds lean 3.44 ns
0 synth5m lean_fit_serial lean 20.63 ns
0 synth5m lean_fit_t4 lean 5.39 ns
0 synth5m lean_fit_t4_L4_plain lean 3.58 ns
0 synth5m lean_fearless_L4_serial_ds lean_simd 5.94 ns
0 synth5m lean_fearless_L8_serial_ds lean_simd 5.06 ns
0 synth5m lean_fearless_L4_t4_ds lean_simd 1.77 ns
0 synth5m lean_fearless_L8_t4_ds lean_simd 1.43 ns
0 synth5m lean_fit_serial_L8_fearless lean_simd 5.23 ns
0 synth5m lean_fit_t4_L8_fearless lean_simd 1.75 ns
0 tiny cpp_serial default 680.20 ns
0 tiny cpp_par default 1383.60 ns
0 tiny cpp_predict_par default 948.20 ns
0 tiny rs_serial_noalpha default 378.20 ns
0 tiny rs_t4_noalpha default 994.00 ns
0 tiny rs_serial default 396.40 ns
0 tiny lean_serial_noalpha_copy lean 697.00 ns
0 tiny lean_serial_noalpha_borrow lean 682.40 ns
0 tiny lean_t4_noalpha_copy lean 774.60 ns
0 tiny lean_serial_alpha_bytearray lean 788.60 ns
0 tiny lean_serial_alpha_numpy lean 828.00 ns
0 tiny lean_predict_serial_bytearray lean 431.20 ns
0 tiny lean_spawn_t4_forced lean 2345.70 ns
1 as_all cpp_serial default 51.13 ns
1 as_all cpp_par default 29.10 ns
1 as_all cpp_predict_serial default 45.46 ns
1 as_all cpp_predict_par default 24.66 ns
1 as_all cpp_fit_serial default 54.77 ns
1 as_all cpp_fit_par default 34.74 ns
1 as_all rs_serial default 22.51 ns
1 as_all rs_serial_noalpha default 22.95 ns
1 as_all rs_t4 default 7.65 ns
1 as_all rs_t4_noalpha default 8.84 ns
1 as_all rs_predict_serial default 10.68 ns
1 as_all rs_predict_t4 default 6.63 ns
1 as_all rs_fearless_L4_serial_noalpha default 6.27 ns
1 as_all rs_fearless_L8_t4_noalpha default 4.35 ns
1 as_all rs_fit_serial default 23.94 ns
1 as_all rs_fit_par default 8.03 ns
1 as_all lean_serial_noalpha_copy lean 21.48 ns
1 as_all lean_serial_noalpha_borrow lean 21.31 ns
1 as_all lean_serial_noalpha_codes lean 21.68 ns
1 as_all lean_serial_noalpha_ds lean 21.07 ns
1 as_all lean_t4_noalpha_copy lean 9.69 ns
1 as_all lean_t4_noalpha_codes lean 10.16 ns
1 as_all lean_t4_noalpha_ds lean 9.35 ns
1 as_all lean_serial_alpha_bytearray lean 22.58 ns
1 as_all lean_serial_alpha_bytes lean 34.80 ns
1 as_all lean_serial_alpha_numpy lean 23.51 ns
1 as_all lean_serial_alpha_numpy_borrow lean 22.20 ns
1 as_all lean_t4_alpha_bytearray lean 8.02 ns
1 as_all lean_t4_alpha_bytes lean 18.43 ns
1 as_all lean_t4_alpha_numpy lean 10.23 ns
1 as_all lean_predict_serial_bytearray lean 11.14 ns
1 as_all lean_predict_serial_bytes lean 22.29 ns
1 as_all lean_predict_serial_numpy lean 10.92 ns
1 as_all lean_predict_t4_bytearray lean 10.09 ns
1 as_all lean_predict_t4_bytes lean 15.24 ns
1 as_all lean_predict_t4_numpy lean 5.42 ns
1 as_all lean_plain_L4_serial_ds lean 14.44 ns
1 as_all lean_plain_L8_serial_ds lean 15.55 ns
1 as_all lean_plain_L4_t4_ds lean 8.65 ns
1 as_all lean_plain_L8_t4_ds lean 9.73 ns
1 as_all lean_fit_serial lean 24.02 ns
1 as_all lean_fit_t4 lean 6.86 ns
1 as_all lean_fit_t4_L4_plain lean 5.16 ns
1 as_all lean_fearless_L4_serial_ds lean_simd 8.58 ns
1 as_all lean_fearless_L8_serial_ds lean_simd 6.62 ns
1 as_all lean_fearless_L4_t4_ds lean_simd 4.73 ns
1 as_all lean_fearless_L8_t4_ds lean_simd 4.35 ns
1 as_all lean_fit_serial_L8_fearless lean_simd 6.42 ns
1 as_all lean_fit_t4_L8_fearless lean_simd 2.45 ns
1 synth5m cpp_serial default 56.83 ns
1 synth5m cpp_par default 14.21 ns
1 synth5m cpp_predict_serial default 50.82 ns
1 synth5m cpp_predict_par default 13.22 ns
1 synth5m cpp_fit_serial default 58.17 ns
1 synth5m cpp_fit_par default 25.23 ns
1 synth5m rs_serial default 23.43 ns
1 synth5m rs_serial_noalpha default 20.02 ns
1 synth5m rs_t4 default 7.59 ns
1 synth5m rs_t4_noalpha default 7.37 ns
1 synth5m rs_predict_serial default 9.21 ns
1 synth5m rs_predict_t4 default 3.47 ns
1 synth5m rs_fearless_L4_serial_noalpha default 6.13 ns
1 synth5m rs_fearless_L8_t4_noalpha default 1.77 ns
1 synth5m rs_fit_serial default 23.58 ns
1 synth5m rs_fit_par default 8.37 ns
1 synth5m lean_serial_noalpha_copy lean 20.33 ns
1 synth5m lean_serial_noalpha_borrow lean 20.62 ns
1 synth5m lean_serial_noalpha_codes lean 20.33 ns
1 synth5m lean_serial_noalpha_ds lean 19.86 ns
1 synth5m lean_t4_noalpha_copy lean 5.86 ns
1 synth5m lean_t4_noalpha_codes lean 5.85 ns
1 synth5m lean_t4_noalpha_ds lean 5.39 ns
1 synth5m lean_serial_alpha_bytearray lean 29.65 ns
1 synth5m lean_serial_alpha_bytes lean 37.45 ns
1 synth5m lean_serial_alpha_numpy lean 23.79 ns
1 synth5m lean_serial_alpha_numpy_borrow lean 22.87 ns
1 synth5m lean_t4_alpha_bytearray lean 16.55 ns
1 synth5m lean_t4_alpha_bytes lean 20.50 ns
1 synth5m lean_t4_alpha_numpy lean 8.01 ns
1 synth5m lean_predict_serial_bytearray lean 16.85 ns
1 synth5m lean_predict_serial_bytes lean 26.38 ns
1 synth5m lean_predict_serial_numpy lean 11.17 ns
1 synth5m lean_predict_t4_bytearray lean 10.72 ns
1 synth5m lean_predict_t4_bytes lean 16.29 ns
1 synth5m lean_predict_t4_numpy lean 4.59 ns
1 synth5m lean_plain_L4_serial_ds lean 12.67 ns
1 synth5m lean_plain_L8_serial_ds lean 12.56 ns
1 synth5m lean_plain_L4_t4_ds lean 3.65 ns
1 synth5m lean_plain_L8_t4_ds lean 3.23 ns
1 synth5m lean_fit_serial lean 20.12 ns
1 synth5m lean_fit_t4 lean 5.26 ns
1 synth5m lean_fit_t4_L4_plain lean 3.39 ns
1 synth5m lean_fearless_L4_serial_ds lean_simd 5.95 ns
1 synth5m lean_fearless_L8_serial_ds lean_simd 5.02 ns
1 synth5m lean_fearless_L4_t4_ds lean_simd 1.66 ns
1 synth5m lean_fearless_L8_t4_ds lean_simd 1.53 ns
1 synth5m lean_fit_serial_L8_fearless lean_simd 5.33 ns
1 synth5m lean_fit_t4_L8_fearless lean_simd 1.51 ns
1 tiny cpp_serial default 659.40 ns
1 tiny cpp_par default 1041.40 ns
1 tiny cpp_predict_par default 917.00 ns
1 tiny rs_serial_noalpha default 386.20 ns
1 tiny rs_t4_noalpha default 1004.80 ns
1 tiny rs_serial default 395.60 ns
1 tiny lean_serial_noalpha_copy lean 682.60 ns
1 tiny lean_serial_noalpha_borrow lean 681.80 ns
1 tiny lean_t4_noalpha_copy lean 691.40 ns
1 tiny lean_serial_alpha_bytearray lean 776.40 ns
1 tiny lean_serial_alpha_numpy lean 739.60 ns
1 tiny lean_predict_serial_bytearray lean 429.40 ns
1 tiny lean_spawn_t4_forced lean 4265.20 ns
2 as_all cpp_serial default 49.07 ns
2 as_all cpp_par default 29.17 ns
2 as_all cpp_predict_serial default 41.83 ns
2 as_all cpp_predict_par default 24.85 ns
2 as_all cpp_fit_serial default 50.04 ns
2 as_all cpp_fit_par default 32.47 ns
2 as_all rs_serial default 22.35 ns
2 as_all rs_serial_noalpha default 21.46 ns
2 as_all rs_t4 default 7.43 ns
2 as_all rs_t4_noalpha default 6.57 ns
2 as_all rs_predict_serial default 10.20 ns
2 as_all rs_predict_t4 default 4.51 ns
2 as_all rs_fearless_L4_serial_noalpha default 6.28 ns
2 as_all rs_fearless_L8_t4_noalpha default 6.35 ns
2 as_all rs_fit_serial default 23.80 ns
2 as_all rs_fit_par default 7.88 ns
2 as_all lean_serial_noalpha_copy lean 24.29 ns
2 as_all lean_serial_noalpha_borrow lean 21.22 ns
2 as_all lean_serial_noalpha_codes lean 22.73 ns
2 as_all lean_serial_noalpha_ds lean 21.61 ns
2 as_all lean_t4_noalpha_copy lean 7.86 ns
2 as_all lean_t4_noalpha_codes lean 8.98 ns
2 as_all lean_t4_noalpha_ds lean 9.17 ns
2 as_all lean_serial_alpha_bytearray lean 24.30 ns
2 as_all lean_serial_alpha_bytes lean 35.76 ns
2 as_all lean_serial_alpha_numpy lean 22.50 ns
2 as_all lean_serial_alpha_numpy_borrow lean 21.74 ns
2 as_all lean_t4_alpha_bytearray lean 11.08 ns
2 as_all lean_t4_alpha_bytes lean 18.30 ns
2 as_all lean_t4_alpha_numpy lean 8.16 ns
2 as_all lean_predict_serial_bytearray lean 11.02 ns
2 as_all lean_predict_serial_bytes lean 22.33 ns
2 as_all lean_predict_serial_numpy lean 11.00 ns
2 as_all lean_predict_t4_bytearray lean 8.11 ns
2 as_all lean_predict_t4_bytes lean 15.03 ns
2 as_all lean_predict_t4_numpy lean 6.34 ns
2 as_all lean_plain_L4_serial_ds lean 21.15 ns
2 as_all lean_plain_L8_serial_ds lean 14.38 ns
2 as_all lean_plain_L4_t4_ds lean 7.60 ns
2 as_all lean_plain_L8_t4_ds lean 8.56 ns
2 as_all lean_fit_serial lean 21.74 ns
2 as_all lean_fit_t4 lean 8.12 ns
2 as_all lean_fit_t4_L4_plain lean 4.32 ns
2 as_all lean_fearless_L4_serial_ds lean_simd 6.19 ns
2 as_all lean_fearless_L8_serial_ds lean_simd 6.51 ns
2 as_all lean_fearless_L4_t4_ds lean_simd 7.79 ns
2 as_all lean_fearless_L8_t4_ds lean_simd 5.87 ns
2 as_all lean_fit_serial_L8_fearless lean_simd 6.31 ns
2 as_all lean_fit_t4_L8_fearless lean_simd 2.62 ns
2 synth5m cpp_serial default 54.67 ns
2 synth5m cpp_par default 14.08 ns
2 synth5m cpp_predict_serial default 48.06 ns
2 synth5m cpp_predict_par default 13.36 ns
2 synth5m cpp_fit_serial default 59.88 ns
2 synth5m cpp_fit_par default 18.97 ns
2 synth5m rs_serial default 22.50 ns
2 synth5m rs_serial_noalpha default 20.14 ns
2 synth5m rs_t4 default 9.29 ns
2 synth5m rs_t4_noalpha default 5.03 ns
2 synth5m rs_predict_serial default 9.85 ns
2 synth5m rs_predict_t4 default 3.03 ns
2 synth5m rs_fearless_L4_serial_noalpha default 6.15 ns
2 synth5m rs_fearless_L8_t4_noalpha default 1.63 ns
2 synth5m rs_fit_serial default 23.68 ns
2 synth5m rs_fit_par default 6.47 ns
2 synth5m lean_serial_noalpha_copy lean 20.54 ns
2 synth5m lean_serial_noalpha_borrow lean 19.92 ns
2 synth5m lean_serial_noalpha_codes lean 20.01 ns
2 synth5m lean_serial_noalpha_ds lean 19.93 ns
2 synth5m lean_t4_noalpha_copy lean 6.27 ns
2 synth5m lean_t4_noalpha_codes lean 6.03 ns
2 synth5m lean_t4_noalpha_ds lean 5.04 ns
2 synth5m lean_serial_alpha_bytearray lean 29.32 ns
2 synth5m lean_serial_alpha_bytes lean 39.16 ns
2 synth5m lean_serial_alpha_numpy lean 23.60 ns
2 synth5m lean_serial_alpha_numpy_borrow lean 25.74 ns
2 synth5m lean_t4_alpha_bytearray lean 14.44 ns
2 synth5m lean_t4_alpha_bytes lean 19.45 ns
2 synth5m lean_t4_alpha_numpy lean 7.94 ns
2 synth5m lean_predict_serial_bytearray lean 17.94 ns
2 synth5m lean_predict_serial_bytes lean 26.60 ns
2 synth5m lean_predict_serial_numpy lean 11.73 ns
2 synth5m lean_predict_t4_bytearray lean 10.35 ns
2 synth5m lean_predict_t4_bytes lean 15.80 ns
2 synth5m lean_predict_t4_numpy lean 4.55 ns
2 synth5m lean_plain_L4_serial_ds lean 12.26 ns
2 synth5m lean_plain_L8_serial_ds lean 11.53 ns
2 synth5m lean_plain_L4_t4_ds lean 3.43 ns
2 synth5m lean_plain_L8_t4_ds lean 3.04 ns
2 synth5m lean_fit_serial lean 19.95 ns
2 synth5m lean_fit_t4 lean 5.24 ns
2 synth5m lean_fit_t4_L4_plain lean 3.57 ns
2 synth5m lean_fearless_L4_serial_ds lean_simd 6.65 ns
2 synth5m lean_fearless_L8_serial_ds lean_simd 4.96 ns
2 synth5m lean_fearless_L4_t4_ds lean_simd 1.66 ns
2 synth5m lean_fearless_L8_t4_ds lean_simd 1.39 ns
2 synth5m lean_fit_serial_L8_fearless lean_simd 5.34 ns
2 synth5m lean_fit_t4_L8_fearless lean_simd 1.52 ns
2 tiny cpp_serial default 654.80 ns
2 tiny cpp_par default 1032.80 ns
2 tiny cpp_predict_par default 988.80 ns
2 tiny rs_serial_noalpha default 380.60 ns
2 tiny rs_t4_noalpha default 1050.80 ns
2 tiny rs_serial default 392.80 ns
2 tiny lean_serial_noalpha_copy lean 690.20 ns
2 tiny lean_serial_noalpha_borrow lean 678.40 ns
2 tiny lean_t4_noalpha_copy lean 686.60 ns
2 tiny lean_serial_alpha_bytearray lean 778.60 ns
2 tiny lean_serial_alpha_numpy lean 751.20 ns
2 tiny lean_predict_serial_bytearray lean 434.20 ns
2 tiny lean_spawn_t4_forced lean 3705.00 ns
