0 as_all cpp_serial default  50.21 ns/att
0 as_all cpp_par default  34.34 ns/att
0 as_all cpp_predict_serial default  41.32 ns/att
0 as_all cpp_predict_par default  24.41 ns/att
0 as_all rs_a_serial default  21.49 ns/att
0 as_all rs_b_t1 default  22.11 ns/att
0 as_all rs_b_t2 default  13.01 ns/att
0 as_all rs_b_t4 default  9.78 ns/att
0 as_all rs_c_noalpha_serial default  21.63 ns/att
0 as_all rs_c_noalpha_t4 default  9.14 ns/att
0 as_all rs_c_predict_serial default  10.14 ns/att
0 as_all rs_c_predict_t4 default  4.85 ns/att
0 as_all rs_d_i8u16_serial default  21.58 ns/att
0 as_all rs_d_i8u16_noalpha_t4 default  9.05 ns/att
0 as_all rs_e_lanes4_noalpha_serial default  8.56 ns/att
0 as_all rs_e_lanes4_noalpha_t4 default  4.81 ns/att
0 as_all rs_e_lanes4_alpha_t4 default  5.83 ns/att
0 as_all rs_e_lanes8_noalpha_serial default  10.13 ns/att
0 as_all rs_e_lanes8_noalpha_t4 default  4.77 ns/att
0 as_all rs_a_serial native  21.34 ns/att
0 as_all rs_b_t1 native  21.95 ns/att
0 as_all rs_b_t2 native  13.00 ns/att
0 as_all rs_b_t4 native  10.00 ns/att
0 as_all rs_c_noalpha_serial native  20.74 ns/att
0 as_all rs_c_noalpha_t4 native  9.22 ns/att
0 as_all rs_c_predict_serial native  10.69 ns/att
0 as_all rs_c_predict_t4 native  5.19 ns/att
0 as_all rs_d_i8u16_serial native  21.58 ns/att
0 as_all rs_d_i8u16_noalpha_t4 native  9.92 ns/att
0 as_all rs_e_lanes4_noalpha_serial native  8.56 ns/att
0 as_all rs_e_lanes4_noalpha_t4 native  3.55 ns/att
0 as_all rs_e_lanes4_alpha_t4 native  5.58 ns/att
0 as_all rs_e_lanes8_noalpha_serial native  11.64 ns/att
0 as_all rs_e_lanes8_noalpha_t4 native  3.89 ns/att
0 as_all rs_e_lanes4_noalpha_serial default base 14.19 ns/att
0 as_all rs_e_lanes4_noalpha_t4 default base 5.21 ns/att
0 synth5m cpp_serial default  54.89 ns/att
0 synth5m cpp_par default  21.36 ns/att
0 synth5m cpp_predict_serial default  47.61 ns/att
0 synth5m cpp_predict_par default  19.49 ns/att
0 synth5m rs_a_serial default  21.23 ns/att
0 synth5m rs_b_t1 default  21.51 ns/att
0 synth5m rs_b_t2 default  10.66 ns/att
0 synth5m rs_b_t4 default  7.85 ns/att
0 synth5m rs_c_noalpha_serial default  18.85 ns/att
0 synth5m rs_c_noalpha_t4 default  6.64 ns/att
0 synth5m rs_c_predict_serial default  9.12 ns/att
0 synth5m rs_c_predict_t4 default  3.33 ns/att
0 synth5m rs_d_i8u16_serial default  21.03 ns/att
0 synth5m rs_d_i8u16_noalpha_t4 default  6.48 ns/att
0 synth5m rs_e_lanes4_noalpha_serial default  8.59 ns/att
0 synth5m rs_e_lanes4_noalpha_t4 default  2.88 ns/att
0 synth5m rs_e_lanes4_alpha_t4 default  4.14 ns/att
0 synth5m rs_e_lanes8_noalpha_serial default  8.31 ns/att
0 synth5m rs_e_lanes8_noalpha_t4 default  2.89 ns/att
0 synth5m rs_a_serial native  20.64 ns/att
0 synth5m rs_b_t1 native  21.41 ns/att
0 synth5m rs_b_t2 native  10.45 ns/att
0 synth5m rs_b_t4 native  7.08 ns/att
0 synth5m rs_c_noalpha_serial native  18.43 ns/att
0 synth5m rs_c_noalpha_t4 native  6.41 ns/att
0 synth5m rs_c_predict_serial native  8.96 ns/att
0 synth5m rs_c_predict_t4 native  3.28 ns/att
0 synth5m rs_d_i8u16_serial native  21.01 ns/att
0 synth5m rs_d_i8u16_noalpha_t4 native  6.48 ns/att
0 synth5m rs_e_lanes4_noalpha_serial native  7.97 ns/att
0 synth5m rs_e_lanes4_noalpha_t4 native  2.87 ns/att
0 synth5m rs_e_lanes4_alpha_t4 native  4.50 ns/att
0 synth5m rs_e_lanes8_noalpha_serial native  7.62 ns/att
0 synth5m rs_e_lanes8_noalpha_t4 native  2.74 ns/att
0 synth5m rs_e_lanes4_noalpha_serial default base 14.15 ns/att
0 synth5m rs_e_lanes4_noalpha_t4 default base 4.94 ns/att
1 as_all cpp_serial default  48.13 ns/att
1 as_all cpp_par default  32.20 ns/att
1 as_all cpp_predict_serial default  41.54 ns/att
1 as_all cpp_predict_par default  24.28 ns/att
1 as_all rs_a_serial default  21.49 ns/att
1 as_all rs_b_t1 default  21.95 ns/att
1 as_all rs_b_t2 default  12.85 ns/att
1 as_all rs_b_t4 default  9.64 ns/att
1 as_all rs_c_noalpha_serial default  22.21 ns/att
1 as_all rs_c_noalpha_t4 default  8.90 ns/att
1 as_all rs_c_predict_serial default  10.65 ns/att
1 as_all rs_c_predict_t4 default  5.03 ns/att
1 as_all rs_d_i8u16_serial default  21.44 ns/att
1 as_all rs_d_i8u16_noalpha_t4 default  8.93 ns/att
1 as_all rs_e_lanes4_noalpha_serial default  9.38 ns/att
1 as_all rs_e_lanes4_noalpha_t4 default  3.90 ns/att
1 as_all rs_e_lanes4_alpha_t4 default  5.87 ns/att
1 as_all rs_e_lanes8_noalpha_serial default  11.21 ns/att
1 as_all rs_e_lanes8_noalpha_t4 default  4.40 ns/att
1 as_all rs_a_serial native  21.57 ns/att
1 as_all rs_b_t1 native  22.75 ns/att
1 as_all rs_b_t2 native  12.85 ns/att
1 as_all rs_b_t4 native  9.61 ns/att
1 as_all rs_c_noalpha_serial native  20.83 ns/att
1 as_all rs_c_noalpha_t4 native  8.97 ns/att
1 as_all rs_c_predict_serial native  10.46 ns/att
1 as_all rs_c_predict_t4 native  4.82 ns/att
1 as_all rs_d_i8u16_serial native  21.39 ns/att
1 as_all rs_d_i8u16_noalpha_t4 native  9.21 ns/att
1 as_all rs_e_lanes4_noalpha_serial native  8.75 ns/att
1 as_all rs_e_lanes4_noalpha_t4 native  3.62 ns/att
1 as_all rs_e_lanes4_alpha_t4 native  5.22 ns/att
1 as_all rs_e_lanes8_noalpha_serial native  10.05 ns/att
1 as_all rs_e_lanes8_noalpha_t4 native  3.51 ns/att
1 as_all rs_e_lanes4_noalpha_serial default base 12.51 ns/att
1 as_all rs_e_lanes4_noalpha_t4 default base 5.75 ns/att
1 synth5m cpp_serial default  55.03 ns/att
1 synth5m cpp_par default  21.09 ns/att
1 synth5m cpp_predict_serial default  49.31 ns/att
1 synth5m cpp_predict_par default  20.70 ns/att
1 synth5m rs_a_serial default  21.28 ns/att
1 synth5m rs_b_t1 default  21.13 ns/att
1 synth5m rs_b_t2 default  11.11 ns/att
1 synth5m rs_b_t4 default  7.37 ns/att
1 synth5m rs_c_noalpha_serial default  19.29 ns/att
1 synth5m rs_c_noalpha_t4 default  6.43 ns/att
1 synth5m rs_c_predict_serial default  9.56 ns/att
1 synth5m rs_c_predict_t4 default  3.22 ns/att
1 synth5m rs_d_i8u16_serial default  21.19 ns/att
1 synth5m rs_d_i8u16_noalpha_t4 default  6.75 ns/att
1 synth5m rs_e_lanes4_noalpha_serial default  9.61 ns/att
1 synth5m rs_e_lanes4_noalpha_t4 default  2.89 ns/att
1 synth5m rs_e_lanes4_alpha_t4 default  4.26 ns/att
1 synth5m rs_e_lanes8_noalpha_serial default  7.95 ns/att
1 synth5m rs_e_lanes8_noalpha_t4 default  3.10 ns/att
1 synth5m rs_a_serial native  20.49 ns/att
1 synth5m rs_b_t1 native  21.84 ns/att
1 synth5m rs_b_t2 native  12.18 ns/att
1 synth5m rs_b_t4 native  7.20 ns/att
1 synth5m rs_c_noalpha_serial native  18.70 ns/att
1 synth5m rs_c_noalpha_t4 native  6.79 ns/att
1 synth5m rs_c_predict_serial native  9.38 ns/att
1 synth5m rs_c_predict_t4 native  3.11 ns/att
1 synth5m rs_d_i8u16_serial native  22.37 ns/att
1 synth5m rs_d_i8u16_noalpha_t4 native  7.86 ns/att
1 synth5m rs_e_lanes4_noalpha_serial native  8.54 ns/att
1 synth5m rs_e_lanes4_noalpha_t4 native  2.81 ns/att
1 synth5m rs_e_lanes4_alpha_t4 native  3.68 ns/att
1 synth5m rs_e_lanes8_noalpha_serial native  7.62 ns/att
1 synth5m rs_e_lanes8_noalpha_t4 native  2.85 ns/att
1 synth5m rs_e_lanes4_noalpha_serial default base 14.38 ns/att
1 synth5m rs_e_lanes4_noalpha_t4 default base 5.47 ns/att
2 as_all cpp_serial default  48.55 ns/att
2 as_all cpp_par default  28.66 ns/att
2 as_all cpp_predict_serial default  44.01 ns/att
2 as_all cpp_predict_par default  25.55 ns/att
2 as_all rs_a_serial default  23.59 ns/att
2 as_all rs_b_t1 default  22.15 ns/att
2 as_all rs_b_t2 default  13.26 ns/att
2 as_all rs_b_t4 default  9.45 ns/att
2 as_all rs_c_noalpha_serial default  20.97 ns/att
2 as_all rs_c_noalpha_t4 default  8.89 ns/att
2 as_all rs_c_predict_serial default  10.11 ns/att
2 as_all rs_c_predict_t4 default  4.87 ns/att
2 as_all rs_d_i8u16_serial default  22.67 ns/att
2 as_all rs_d_i8u16_noalpha_t4 default  8.96 ns/att
2 as_all rs_e_lanes4_noalpha_serial default  13.81 ns/att
2 as_all rs_e_lanes4_noalpha_t4 default  3.83 ns/att
2 as_all rs_e_lanes4_alpha_t4 default  5.27 ns/att
2 as_all rs_e_lanes8_noalpha_serial default  10.66 ns/att
2 as_all rs_e_lanes8_noalpha_t4 default  4.20 ns/att
2 as_all rs_a_serial native  21.56 ns/att
2 as_all rs_b_t1 native  22.55 ns/att
2 as_all rs_b_t2 native  14.46 ns/att
2 as_all rs_b_t4 native  11.20 ns/att
2 as_all rs_c_noalpha_serial native  20.77 ns/att
2 as_all rs_c_noalpha_t4 native  8.86 ns/att
2 as_all rs_c_predict_serial native  9.98 ns/att
2 as_all rs_c_predict_t4 native  5.00 ns/att
2 as_all rs_d_i8u16_serial native  21.60 ns/att
2 as_all rs_d_i8u16_noalpha_t4 native  8.87 ns/att
2 as_all rs_e_lanes4_noalpha_serial native  8.69 ns/att
2 as_all rs_e_lanes4_noalpha_t4 native  3.56 ns/att
2 as_all rs_e_lanes4_alpha_t4 native  5.20 ns/att
2 as_all rs_e_lanes8_noalpha_serial native  9.54 ns/att
2 as_all rs_e_lanes8_noalpha_t4 native  3.68 ns/att
2 as_all rs_e_lanes4_noalpha_serial default base 12.45 ns/att
2 as_all rs_e_lanes4_noalpha_t4 default base 5.72 ns/att
2 synth5m cpp_serial default  53.96 ns/att
2 synth5m cpp_par default  21.46 ns/att
2 synth5m cpp_predict_serial default  47.10 ns/att
2 synth5m cpp_predict_par default  19.64 ns/att
2 synth5m rs_a_serial default  22.29 ns/att
2 synth5m rs_b_t1 default  21.55 ns/att
2 synth5m rs_b_t2 default  10.79 ns/att
2 synth5m rs_b_t4 default  7.48 ns/att
2 synth5m rs_c_noalpha_serial default  18.92 ns/att
2 synth5m rs_c_noalpha_t4 default  6.49 ns/att
2 synth5m rs_c_predict_serial default  8.93 ns/att
2 synth5m rs_c_predict_t4 default  3.30 ns/att
2 synth5m rs_d_i8u16_serial default  20.75 ns/att
2 synth5m rs_d_i8u16_noalpha_t4 default  6.60 ns/att
2 synth5m rs_e_lanes4_noalpha_serial default  8.54 ns/att
2 synth5m rs_e_lanes4_noalpha_t4 default  2.96 ns/att
2 synth5m rs_e_lanes4_alpha_t4 default  4.07 ns/att
2 synth5m rs_e_lanes8_noalpha_serial default  8.89 ns/att
2 synth5m rs_e_lanes8_noalpha_t4 default  2.87 ns/att
2 synth5m rs_a_serial native  20.46 ns/att
2 synth5m rs_b_t1 native  21.76 ns/att
2 synth5m rs_b_t2 native  10.66 ns/att
2 synth5m rs_b_t4 native  7.31 ns/att
2 synth5m rs_c_noalpha_serial native  19.00 ns/att
2 synth5m rs_c_noalpha_t4 native  6.41 ns/att
2 synth5m rs_c_predict_serial native  8.76 ns/att
2 synth5m rs_c_predict_t4 native  3.20 ns/att
2 synth5m rs_d_i8u16_serial native  20.71 ns/att
2 synth5m rs_d_i8u16_noalpha_t4 native  6.38 ns/att
2 synth5m rs_e_lanes4_noalpha_serial native  8.17 ns/att
2 synth5m rs_e_lanes4_noalpha_t4 native  2.89 ns/att
2 synth5m rs_e_lanes4_alpha_t4 native  3.99 ns/att
2 synth5m rs_e_lanes8_noalpha_serial native  7.59 ns/att
2 synth5m rs_e_lanes8_noalpha_t4 native  2.82 ns/att
2 synth5m rs_e_lanes4_noalpha_serial default base 14.28 ns/att
2 synth5m rs_e_lanes4_noalpha_t4 default base 4.93 ns/att
